// Jest Snapshot v1, https://goo.gl/fbAQLP

exports[`actionCreator.toString() 1`] = `"string"`;

exports[`setUserSetting('settingA', 'foo') 1`] = `"{ type: \\"SET_USER_SETTING\\"; payload: { setting: \\"settingA\\"; newValue: string; }; }"`;

exports[`setUserSetting('settingA', 0) 1`] = `"Argument of type '0' is not assignable to parameter of type 'string'."`;

exports[`setUserSetting('settingB', 'foo') 1`] = `"Argument of type '\\"foo\\"' is not assignable to parameter of type 'number'."`;

exports[`setUserSetting('settingB', 0) 1`] = `"{ type: \\"SET_USER_SETTING\\"; payload: { setting: \\"settingB\\"; newValue: number; }; }"`;

exports[`withMeta('token') 1`] = `"{ type: \\"CREATE_ACTION\\"; meta: string; }"`;

exports[`withPayload() 1`] = `"{ type: \\"CREATE_ACTION\\"; payload: number; }"`;

exports[`withPayload(1) 1`] = `"{ type: \\"CREATE_ACTION\\"; payload: number; }"`;

exports[`withPayload(1) 2`] = `"{ type: \\"CREATE_ACTION\\"; payload: number; }"`;

exports[`withPayloadAndMeta(1, 'token') 1`] = `"{ type: \\"CREATE_ACTION\\"; payload: number; meta: string; }"`;

exports[`withSymbol() 1`] = `"{ type: any; }"`;

exports[`withTypeOnly() 1`] = `"{ type: \\"CREATE_ACTION\\"; }"`;
