// Jest Snapshot v1, https://goo.gl/fbAQLP

exports[`getTypeReducer(actual) 1`] = `"{ type: \\"VERY_DEEP_WITH_TYPE_ONLY\\"; } | T.EmptyAction<\\"WITH_TYPE_ONLY\\"> | T.PayloadAction<\\"WITH_PAYLOAD\\", number> | T.PayloadAction<\\"WITH_OPTIONAL_PAYLOAD\\", number | undefined> | T.PayloadMetaAction<\\"WITH_META\\", undefined, string> | T.PayloadMetaAction<\\"WITH_PAYLOAD_META\\", number, string> | ({ type: \\"WITH_MAPPED_PAYLOAD\\"; } & { payload: number; }) | ({ type: \\"WITH_MAPPED_META\\"; } & { meta: string; }) | ({ type: \\"WITH_MAPPED_PAYLOAD_META\\"; } & { payload: number; meta: string; }) | T.EmptyAction<\\"FETCH_USER_REQUEST\\"> | T.PayloadAction<\\"FETCH_USER_SUCCESS\\", { firstName: string; lastName: string; }> | T.PayloadAction<\\"FETCH_USER_FAILURE\\", Error> | undefined"`;

exports[`getTypeReducer(actual) 2`] = `"{ type: \\"VERY_DEEP_WITH_TYPE_ONLY\\"; } | T.EmptyAction<\\"WITH_TYPE_ONLY\\"> | T.PayloadAction<\\"WITH_PAYLOAD\\", number> | T.PayloadAction<\\"WITH_OPTIONAL_PAYLOAD\\", number | undefined> | T.PayloadMetaAction<\\"WITH_META\\", undefined, string> | T.PayloadMetaAction<\\"WITH_PAYLOAD_META\\", number, string> | ({ type: \\"WITH_MAPPED_PAYLOAD\\"; } & { payload: number; }) | ({ type: \\"WITH_MAPPED_META\\"; } & { meta: string; }) | ({ type: \\"WITH_MAPPED_PAYLOAD_META\\"; } & { payload: number; meta: string; }) | T.EmptyAction<\\"FETCH_USER_REQUEST\\"> | T.PayloadAction<\\"FETCH_USER_SUCCESS\\", { firstName: string; lastName: string; }> | T.PayloadAction<\\"FETCH_USER_FAILURE\\", Error> | undefined"`;

exports[`getTypeReducer(actual) 3`] = `"{ type: \\"VERY_DEEP_WITH_TYPE_ONLY\\"; } | T.EmptyAction<\\"WITH_TYPE_ONLY\\"> | T.PayloadAction<\\"WITH_PAYLOAD\\", number> | T.PayloadAction<\\"WITH_OPTIONAL_PAYLOAD\\", number | undefined> | T.PayloadMetaAction<\\"WITH_META\\", undefined, string> | T.PayloadMetaAction<\\"WITH_PAYLOAD_META\\", number, string> | ({ type: \\"WITH_MAPPED_PAYLOAD\\"; } & { payload: number; }) | ({ type: \\"WITH_MAPPED_META\\"; } & { meta: string; }) | ({ type: \\"WITH_MAPPED_PAYLOAD_META\\"; } & { payload: number; meta: string; }) | T.EmptyAction<\\"FETCH_USER_REQUEST\\"> | T.PayloadAction<\\"FETCH_USER_SUCCESS\\", { firstName: string; lastName: string; }> | T.PayloadAction<\\"FETCH_USER_FAILURE\\", Error> | undefined"`;

exports[`getTypeReducer(actual) 4`] = `"{ type: \\"VERY_DEEP_WITH_TYPE_ONLY\\"; } | T.EmptyAction<\\"WITH_TYPE_ONLY\\"> | T.PayloadAction<\\"WITH_PAYLOAD\\", number> | T.PayloadAction<\\"WITH_OPTIONAL_PAYLOAD\\", number | undefined> | T.PayloadMetaAction<\\"WITH_META\\", undefined, string> | T.PayloadMetaAction<\\"WITH_PAYLOAD_META\\", number, string> | ({ type: \\"WITH_MAPPED_PAYLOAD\\"; } & { payload: number; }) | ({ type: \\"WITH_MAPPED_META\\"; } & { meta: string; }) | ({ type: \\"WITH_MAPPED_PAYLOAD_META\\"; } & { payload: number; meta: string; }) | T.EmptyAction<\\"FETCH_USER_REQUEST\\"> | T.PayloadAction<\\"FETCH_USER_SUCCESS\\", { firstName: string; lastName: string; }> | T.PayloadAction<\\"FETCH_USER_FAILURE\\", Error> | undefined"`;

exports[`getTypeReducer(actual) 5`] = `"{ type: \\"VERY_DEEP_WITH_TYPE_ONLY\\"; } | T.EmptyAction<\\"WITH_TYPE_ONLY\\"> | T.PayloadAction<\\"WITH_PAYLOAD\\", number> | T.PayloadAction<\\"WITH_OPTIONAL_PAYLOAD\\", number | undefined> | T.PayloadMetaAction<\\"WITH_META\\", undefined, string> | T.PayloadMetaAction<\\"WITH_PAYLOAD_META\\", number, string> | ({ type: \\"WITH_MAPPED_PAYLOAD\\"; } & { payload: number; }) | ({ type: \\"WITH_MAPPED_META\\"; } & { meta: string; }) | ({ type: \\"WITH_MAPPED_PAYLOAD_META\\"; } & { payload: number; meta: string; }) | T.EmptyAction<\\"FETCH_USER_REQUEST\\"> | T.PayloadAction<\\"FETCH_USER_SUCCESS\\", { firstName: string; lastName: string; }> | T.PayloadAction<\\"FETCH_USER_FAILURE\\", Error> | undefined"`;

exports[`getTypeReducer(actual) 6`] = `"{ type: \\"VERY_DEEP_WITH_TYPE_ONLY\\"; } | T.EmptyAction<\\"WITH_TYPE_ONLY\\"> | T.PayloadAction<\\"WITH_PAYLOAD\\", number> | T.PayloadAction<\\"WITH_OPTIONAL_PAYLOAD\\", number | undefined> | T.PayloadMetaAction<\\"WITH_META\\", undefined, string> | T.PayloadMetaAction<\\"WITH_PAYLOAD_META\\", number, string> | ({ type: \\"WITH_MAPPED_PAYLOAD\\"; } & { payload: number; }) | ({ type: \\"WITH_MAPPED_META\\"; } & { meta: string; }) | ({ type: \\"WITH_MAPPED_PAYLOAD_META\\"; } & { payload: number; meta: string; }) | T.EmptyAction<\\"FETCH_USER_REQUEST\\"> | T.PayloadAction<\\"FETCH_USER_SUCCESS\\", { firstName: string; lastName: string; }> | T.PayloadAction<\\"FETCH_USER_FAILURE\\", Error> | undefined"`;

exports[`isActionOfArrayReducer(actual) 1`] = `"{ type: \\"VERY_DEEP_WITH_TYPE_ONLY\\"; } | T.EmptyAction<\\"WITH_TYPE_ONLY\\"> | T.PayloadAction<\\"WITH_PAYLOAD\\", number> | T.PayloadAction<\\"WITH_OPTIONAL_PAYLOAD\\", number | undefined> | T.PayloadMetaAction<\\"WITH_META\\", undefined, string> | T.PayloadMetaAction<\\"WITH_PAYLOAD_META\\", number, string> | ({ type: \\"WITH_MAPPED_PAYLOAD\\"; } & { payload: number; }) | ({ type: \\"WITH_MAPPED_META\\"; } & { meta: string; }) | ({ type: \\"WITH_MAPPED_PAYLOAD_META\\"; } & { payload: number; meta: string; }) | T.EmptyAction<\\"FETCH_USER_REQUEST\\"> | T.PayloadAction<\\"FETCH_USER_SUCCESS\\", { firstName: string; lastName: string; }> | T.PayloadAction<\\"FETCH_USER_FAILURE\\", Error> | undefined"`;

exports[`isActionOfArrayReducer(actual) 2`] = `"{ type: \\"VERY_DEEP_WITH_TYPE_ONLY\\"; } | T.EmptyAction<\\"WITH_TYPE_ONLY\\"> | T.PayloadAction<\\"WITH_PAYLOAD\\", number> | T.PayloadAction<\\"WITH_OPTIONAL_PAYLOAD\\", number | undefined> | T.PayloadMetaAction<\\"WITH_META\\", undefined, string> | T.PayloadMetaAction<\\"WITH_PAYLOAD_META\\", number, string> | ({ type: \\"WITH_MAPPED_PAYLOAD\\"; } & { payload: number; }) | ({ type: \\"WITH_MAPPED_META\\"; } & { meta: string; }) | ({ type: \\"WITH_MAPPED_PAYLOAD_META\\"; } & { payload: number; meta: string; }) | T.EmptyAction<\\"FETCH_USER_REQUEST\\"> | T.PayloadAction<\\"FETCH_USER_SUCCESS\\", { firstName: string; lastName: string; }> | T.PayloadAction<\\"FETCH_USER_FAILURE\\", Error> | undefined"`;

exports[`isActionOfArrayReducer(actual) 3`] = `"{ type: \\"VERY_DEEP_WITH_TYPE_ONLY\\"; } | T.EmptyAction<\\"WITH_TYPE_ONLY\\"> | T.PayloadAction<\\"WITH_PAYLOAD\\", number> | T.PayloadAction<\\"WITH_OPTIONAL_PAYLOAD\\", number | undefined> | T.PayloadMetaAction<\\"WITH_META\\", undefined, string> | T.PayloadMetaAction<\\"WITH_PAYLOAD_META\\", number, string> | ({ type: \\"WITH_MAPPED_PAYLOAD\\"; } & { payload: number; }) | ({ type: \\"WITH_MAPPED_META\\"; } & { meta: string; }) | ({ type: \\"WITH_MAPPED_PAYLOAD_META\\"; } & { payload: number; meta: string; }) | T.EmptyAction<\\"FETCH_USER_REQUEST\\"> | T.PayloadAction<\\"FETCH_USER_SUCCESS\\", { firstName: string; lastName: string; }> | T.PayloadAction<\\"FETCH_USER_FAILURE\\", Error> | undefined"`;

exports[`isActionOfArrayReducer(actual) 4`] = `"{ type: \\"VERY_DEEP_WITH_TYPE_ONLY\\"; } | T.EmptyAction<\\"WITH_TYPE_ONLY\\"> | T.PayloadAction<\\"WITH_PAYLOAD\\", number> | T.PayloadAction<\\"WITH_OPTIONAL_PAYLOAD\\", number | undefined> | T.PayloadMetaAction<\\"WITH_META\\", undefined, string> | T.PayloadMetaAction<\\"WITH_PAYLOAD_META\\", number, string> | ({ type: \\"WITH_MAPPED_PAYLOAD\\"; } & { payload: number; }) | ({ type: \\"WITH_MAPPED_META\\"; } & { meta: string; }) | ({ type: \\"WITH_MAPPED_PAYLOAD_META\\"; } & { payload: number; meta: string; }) | T.EmptyAction<\\"FETCH_USER_REQUEST\\"> | T.PayloadAction<\\"FETCH_USER_SUCCESS\\", { firstName: string; lastName: string; }> | T.PayloadAction<\\"FETCH_USER_FAILURE\\", Error> | undefined"`;

exports[`isActionOfArrayReducer(actual) 5`] = `"{ type: \\"VERY_DEEP_WITH_TYPE_ONLY\\"; } | T.EmptyAction<\\"WITH_TYPE_ONLY\\"> | T.PayloadAction<\\"WITH_PAYLOAD\\", number> | T.PayloadAction<\\"WITH_OPTIONAL_PAYLOAD\\", number | undefined> | T.PayloadMetaAction<\\"WITH_META\\", undefined, string> | T.PayloadMetaAction<\\"WITH_PAYLOAD_META\\", number, string> | ({ type: \\"WITH_MAPPED_PAYLOAD\\"; } & { payload: number; }) | ({ type: \\"WITH_MAPPED_META\\"; } & { meta: string; }) | ({ type: \\"WITH_MAPPED_PAYLOAD_META\\"; } & { payload: number; meta: string; }) | T.EmptyAction<\\"FETCH_USER_REQUEST\\"> | T.PayloadAction<\\"FETCH_USER_SUCCESS\\", { firstName: string; lastName: string; }> | T.PayloadAction<\\"FETCH_USER_FAILURE\\", Error> | undefined"`;

exports[`isActionOfArrayReducer(actual) 6`] = `"{ type: \\"VERY_DEEP_WITH_TYPE_ONLY\\"; } | T.EmptyAction<\\"WITH_TYPE_ONLY\\"> | T.PayloadAction<\\"WITH_PAYLOAD\\", number> | T.PayloadAction<\\"WITH_OPTIONAL_PAYLOAD\\", number | undefined> | T.PayloadMetaAction<\\"WITH_META\\", undefined, string> | T.PayloadMetaAction<\\"WITH_PAYLOAD_META\\", number, string> | ({ type: \\"WITH_MAPPED_PAYLOAD\\"; } & { payload: number; }) | ({ type: \\"WITH_MAPPED_META\\"; } & { meta: string; }) | ({ type: \\"WITH_MAPPED_PAYLOAD_META\\"; } & { payload: number; meta: string; }) | T.EmptyAction<\\"FETCH_USER_REQUEST\\"> | T.PayloadAction<\\"FETCH_USER_SUCCESS\\", { firstName: string; lastName: string; }> | T.PayloadAction<\\"FETCH_USER_FAILURE\\", Error> | undefined"`;

exports[`isActionOfCurriedReducer(actual) 1`] = `"{ type: \\"VERY_DEEP_WITH_TYPE_ONLY\\"; } | T.EmptyAction<\\"WITH_TYPE_ONLY\\"> | T.PayloadAction<\\"WITH_PAYLOAD\\", number> | T.PayloadAction<\\"WITH_OPTIONAL_PAYLOAD\\", number | undefined> | T.PayloadMetaAction<\\"WITH_META\\", undefined, string> | T.PayloadMetaAction<\\"WITH_PAYLOAD_META\\", number, string> | ({ type: \\"WITH_MAPPED_PAYLOAD\\"; } & { payload: number; }) | ({ type: \\"WITH_MAPPED_META\\"; } & { meta: string; }) | ({ type: \\"WITH_MAPPED_PAYLOAD_META\\"; } & { payload: number; meta: string; }) | T.EmptyAction<\\"FETCH_USER_REQUEST\\"> | T.PayloadAction<\\"FETCH_USER_SUCCESS\\", { firstName: string; lastName: string; }> | T.PayloadAction<\\"FETCH_USER_FAILURE\\", Error> | undefined"`;

exports[`isActionOfCurriedReducer(actual) 2`] = `"{ type: \\"VERY_DEEP_WITH_TYPE_ONLY\\"; } | T.EmptyAction<\\"WITH_TYPE_ONLY\\"> | T.PayloadAction<\\"WITH_PAYLOAD\\", number> | T.PayloadAction<\\"WITH_OPTIONAL_PAYLOAD\\", number | undefined> | T.PayloadMetaAction<\\"WITH_META\\", undefined, string> | T.PayloadMetaAction<\\"WITH_PAYLOAD_META\\", number, string> | ({ type: \\"WITH_MAPPED_PAYLOAD\\"; } & { payload: number; }) | ({ type: \\"WITH_MAPPED_META\\"; } & { meta: string; }) | ({ type: \\"WITH_MAPPED_PAYLOAD_META\\"; } & { payload: number; meta: string; }) | T.EmptyAction<\\"FETCH_USER_REQUEST\\"> | T.PayloadAction<\\"FETCH_USER_SUCCESS\\", { firstName: string; lastName: string; }> | T.PayloadAction<\\"FETCH_USER_FAILURE\\", Error> | undefined"`;

exports[`isActionOfCurriedReducer(actual) 3`] = `"{ type: \\"VERY_DEEP_WITH_TYPE_ONLY\\"; } | T.EmptyAction<\\"WITH_TYPE_ONLY\\"> | T.PayloadAction<\\"WITH_PAYLOAD\\", number> | T.PayloadAction<\\"WITH_OPTIONAL_PAYLOAD\\", number | undefined> | T.PayloadMetaAction<\\"WITH_META\\", undefined, string> | T.PayloadMetaAction<\\"WITH_PAYLOAD_META\\", number, string> | ({ type: \\"WITH_MAPPED_PAYLOAD\\"; } & { payload: number; }) | ({ type: \\"WITH_MAPPED_META\\"; } & { meta: string; }) | ({ type: \\"WITH_MAPPED_PAYLOAD_META\\"; } & { payload: number; meta: string; }) | T.EmptyAction<\\"FETCH_USER_REQUEST\\"> | T.PayloadAction<\\"FETCH_USER_SUCCESS\\", { firstName: string; lastName: string; }> | T.PayloadAction<\\"FETCH_USER_FAILURE\\", Error> | undefined"`;

exports[`isActionOfCurriedReducer(actual) 4`] = `"{ type: \\"VERY_DEEP_WITH_TYPE_ONLY\\"; } | T.EmptyAction<\\"WITH_TYPE_ONLY\\"> | T.PayloadAction<\\"WITH_PAYLOAD\\", number> | T.PayloadAction<\\"WITH_OPTIONAL_PAYLOAD\\", number | undefined> | T.PayloadMetaAction<\\"WITH_META\\", undefined, string> | T.PayloadMetaAction<\\"WITH_PAYLOAD_META\\", number, string> | ({ type: \\"WITH_MAPPED_PAYLOAD\\"; } & { payload: number; }) | ({ type: \\"WITH_MAPPED_META\\"; } & { meta: string; }) | ({ type: \\"WITH_MAPPED_PAYLOAD_META\\"; } & { payload: number; meta: string; }) | T.EmptyAction<\\"FETCH_USER_REQUEST\\"> | T.PayloadAction<\\"FETCH_USER_SUCCESS\\", { firstName: string; lastName: string; }> | T.PayloadAction<\\"FETCH_USER_FAILURE\\", Error> | undefined"`;

exports[`isActionOfCurriedReducer(actual) 5`] = `"{ type: \\"VERY_DEEP_WITH_TYPE_ONLY\\"; } | T.EmptyAction<\\"WITH_TYPE_ONLY\\"> | T.PayloadAction<\\"WITH_PAYLOAD\\", number> | T.PayloadAction<\\"WITH_OPTIONAL_PAYLOAD\\", number | undefined> | T.PayloadMetaAction<\\"WITH_META\\", undefined, string> | T.PayloadMetaAction<\\"WITH_PAYLOAD_META\\", number, string> | ({ type: \\"WITH_MAPPED_PAYLOAD\\"; } & { payload: number; }) | ({ type: \\"WITH_MAPPED_META\\"; } & { meta: string; }) | ({ type: \\"WITH_MAPPED_PAYLOAD_META\\"; } & { payload: number; meta: string; }) | T.EmptyAction<\\"FETCH_USER_REQUEST\\"> | T.PayloadAction<\\"FETCH_USER_SUCCESS\\", { firstName: string; lastName: string; }> | T.PayloadAction<\\"FETCH_USER_FAILURE\\", Error> | undefined"`;

exports[`isActionOfCurriedReducer(actual) 6`] = `"{ type: \\"VERY_DEEP_WITH_TYPE_ONLY\\"; } | T.EmptyAction<\\"WITH_TYPE_ONLY\\"> | T.PayloadAction<\\"WITH_PAYLOAD\\", number> | T.PayloadAction<\\"WITH_OPTIONAL_PAYLOAD\\", number | undefined> | T.PayloadMetaAction<\\"WITH_META\\", undefined, string> | T.PayloadMetaAction<\\"WITH_PAYLOAD_META\\", number, string> | ({ type: \\"WITH_MAPPED_PAYLOAD\\"; } & { payload: number; }) | ({ type: \\"WITH_MAPPED_META\\"; } & { meta: string; }) | ({ type: \\"WITH_MAPPED_PAYLOAD_META\\"; } & { payload: number; meta: string; }) | T.EmptyAction<\\"FETCH_USER_REQUEST\\"> | T.PayloadAction<\\"FETCH_USER_SUCCESS\\", { firstName: string; lastName: string; }> | T.PayloadAction<\\"FETCH_USER_FAILURE\\", Error> | undefined"`;

exports[`isActionOfReducer(actual) 1`] = `"{ type: \\"VERY_DEEP_WITH_TYPE_ONLY\\"; } | T.EmptyAction<\\"WITH_TYPE_ONLY\\"> | T.PayloadAction<\\"WITH_PAYLOAD\\", number> | T.PayloadAction<\\"WITH_OPTIONAL_PAYLOAD\\", number | undefined> | T.PayloadMetaAction<\\"WITH_META\\", undefined, string> | T.PayloadMetaAction<\\"WITH_PAYLOAD_META\\", number, string> | ({ type: \\"WITH_MAPPED_PAYLOAD\\"; } & { payload: number; }) | ({ type: \\"WITH_MAPPED_META\\"; } & { meta: string; }) | ({ type: \\"WITH_MAPPED_PAYLOAD_META\\"; } & { payload: number; meta: string; }) | T.EmptyAction<\\"FETCH_USER_REQUEST\\"> | T.PayloadAction<\\"FETCH_USER_SUCCESS\\", { firstName: string; lastName: string; }> | T.PayloadAction<\\"FETCH_USER_FAILURE\\", Error> | undefined"`;

exports[`isActionOfReducer(actual) 2`] = `"{ type: \\"VERY_DEEP_WITH_TYPE_ONLY\\"; } | T.EmptyAction<\\"WITH_TYPE_ONLY\\"> | T.PayloadAction<\\"WITH_PAYLOAD\\", number> | T.PayloadAction<\\"WITH_OPTIONAL_PAYLOAD\\", number | undefined> | T.PayloadMetaAction<\\"WITH_META\\", undefined, string> | T.PayloadMetaAction<\\"WITH_PAYLOAD_META\\", number, string> | ({ type: \\"WITH_MAPPED_PAYLOAD\\"; } & { payload: number; }) | ({ type: \\"WITH_MAPPED_META\\"; } & { meta: string; }) | ({ type: \\"WITH_MAPPED_PAYLOAD_META\\"; } & { payload: number; meta: string; }) | T.EmptyAction<\\"FETCH_USER_REQUEST\\"> | T.PayloadAction<\\"FETCH_USER_SUCCESS\\", { firstName: string; lastName: string; }> | T.PayloadAction<\\"FETCH_USER_FAILURE\\", Error> | undefined"`;

exports[`isActionOfReducer(actual) 3`] = `"{ type: \\"VERY_DEEP_WITH_TYPE_ONLY\\"; } | T.EmptyAction<\\"WITH_TYPE_ONLY\\"> | T.PayloadAction<\\"WITH_PAYLOAD\\", number> | T.PayloadAction<\\"WITH_OPTIONAL_PAYLOAD\\", number | undefined> | T.PayloadMetaAction<\\"WITH_META\\", undefined, string> | T.PayloadMetaAction<\\"WITH_PAYLOAD_META\\", number, string> | ({ type: \\"WITH_MAPPED_PAYLOAD\\"; } & { payload: number; }) | ({ type: \\"WITH_MAPPED_META\\"; } & { meta: string; }) | ({ type: \\"WITH_MAPPED_PAYLOAD_META\\"; } & { payload: number; meta: string; }) | T.EmptyAction<\\"FETCH_USER_REQUEST\\"> | T.PayloadAction<\\"FETCH_USER_SUCCESS\\", { firstName: string; lastName: string; }> | T.PayloadAction<\\"FETCH_USER_FAILURE\\", Error> | undefined"`;

exports[`isActionOfReducer(actual) 4`] = `"{ type: \\"VERY_DEEP_WITH_TYPE_ONLY\\"; } | T.EmptyAction<\\"WITH_TYPE_ONLY\\"> | T.PayloadAction<\\"WITH_PAYLOAD\\", number> | T.PayloadAction<\\"WITH_OPTIONAL_PAYLOAD\\", number | undefined> | T.PayloadMetaAction<\\"WITH_META\\", undefined, string> | T.PayloadMetaAction<\\"WITH_PAYLOAD_META\\", number, string> | ({ type: \\"WITH_MAPPED_PAYLOAD\\"; } & { payload: number; }) | ({ type: \\"WITH_MAPPED_META\\"; } & { meta: string; }) | ({ type: \\"WITH_MAPPED_PAYLOAD_META\\"; } & { payload: number; meta: string; }) | T.EmptyAction<\\"FETCH_USER_REQUEST\\"> | T.PayloadAction<\\"FETCH_USER_SUCCESS\\", { firstName: string; lastName: string; }> | T.PayloadAction<\\"FETCH_USER_FAILURE\\", Error> | undefined"`;

exports[`isActionOfReducer(actual) 5`] = `"{ type: \\"VERY_DEEP_WITH_TYPE_ONLY\\"; } | T.EmptyAction<\\"WITH_TYPE_ONLY\\"> | T.PayloadAction<\\"WITH_PAYLOAD\\", number> | T.PayloadAction<\\"WITH_OPTIONAL_PAYLOAD\\", number | undefined> | T.PayloadMetaAction<\\"WITH_META\\", undefined, string> | T.PayloadMetaAction<\\"WITH_PAYLOAD_META\\", number, string> | ({ type: \\"WITH_MAPPED_PAYLOAD\\"; } & { payload: number; }) | ({ type: \\"WITH_MAPPED_META\\"; } & { meta: string; }) | ({ type: \\"WITH_MAPPED_PAYLOAD_META\\"; } & { payload: number; meta: string; }) | T.EmptyAction<\\"FETCH_USER_REQUEST\\"> | T.PayloadAction<\\"FETCH_USER_SUCCESS\\", { firstName: string; lastName: string; }> | T.PayloadAction<\\"FETCH_USER_FAILURE\\", Error> | undefined"`;

exports[`isActionOfReducer(actual) 6`] = `"{ type: \\"VERY_DEEP_WITH_TYPE_ONLY\\"; } | T.EmptyAction<\\"WITH_TYPE_ONLY\\"> | T.PayloadAction<\\"WITH_PAYLOAD\\", number> | T.PayloadAction<\\"WITH_OPTIONAL_PAYLOAD\\", number | undefined> | T.PayloadMetaAction<\\"WITH_META\\", undefined, string> | T.PayloadMetaAction<\\"WITH_PAYLOAD_META\\", number, string> | ({ type: \\"WITH_MAPPED_PAYLOAD\\"; } & { payload: number; }) | ({ type: \\"WITH_MAPPED_META\\"; } & { meta: string; }) | ({ type: \\"WITH_MAPPED_PAYLOAD_META\\"; } & { payload: number; meta: string; }) | T.EmptyAction<\\"FETCH_USER_REQUEST\\"> | T.PayloadAction<\\"FETCH_USER_SUCCESS\\", { firstName: string; lastName: string; }> | T.PayloadAction<\\"FETCH_USER_FAILURE\\", Error> | undefined"`;

exports[`isOfTypeCurriedReducer(actual) 1`] = `"{ type: \\"VERY_DEEP_WITH_TYPE_ONLY\\"; } | T.EmptyAction<\\"WITH_TYPE_ONLY\\"> | T.PayloadAction<\\"WITH_PAYLOAD\\", number> | T.PayloadAction<\\"WITH_OPTIONAL_PAYLOAD\\", number | undefined> | T.PayloadMetaAction<\\"WITH_META\\", undefined, string> | T.PayloadMetaAction<\\"WITH_PAYLOAD_META\\", number, string> | ({ type: \\"WITH_MAPPED_PAYLOAD\\"; } & { payload: number; }) | ({ type: \\"WITH_MAPPED_META\\"; } & { meta: string; }) | ({ type: \\"WITH_MAPPED_PAYLOAD_META\\"; } & { payload: number; meta: string; }) | T.EmptyAction<\\"FETCH_USER_REQUEST\\"> | T.PayloadAction<\\"FETCH_USER_SUCCESS\\", { firstName: string; lastName: string; }> | T.PayloadAction<\\"FETCH_USER_FAILURE\\", Error> | undefined"`;

exports[`isOfTypeCurriedReducer(actual) 2`] = `"{ type: \\"VERY_DEEP_WITH_TYPE_ONLY\\"; } | T.EmptyAction<\\"WITH_TYPE_ONLY\\"> | T.PayloadAction<\\"WITH_PAYLOAD\\", number> | T.PayloadAction<\\"WITH_OPTIONAL_PAYLOAD\\", number | undefined> | T.PayloadMetaAction<\\"WITH_META\\", undefined, string> | T.PayloadMetaAction<\\"WITH_PAYLOAD_META\\", number, string> | ({ type: \\"WITH_MAPPED_PAYLOAD\\"; } & { payload: number; }) | ({ type: \\"WITH_MAPPED_META\\"; } & { meta: string; }) | ({ type: \\"WITH_MAPPED_PAYLOAD_META\\"; } & { payload: number; meta: string; }) | T.EmptyAction<\\"FETCH_USER_REQUEST\\"> | T.PayloadAction<\\"FETCH_USER_SUCCESS\\", { firstName: string; lastName: string; }> | T.PayloadAction<\\"FETCH_USER_FAILURE\\", Error> | undefined"`;

exports[`isOfTypeCurriedReducer(actual) 3`] = `"{ type: \\"VERY_DEEP_WITH_TYPE_ONLY\\"; } | T.EmptyAction<\\"WITH_TYPE_ONLY\\"> | T.PayloadAction<\\"WITH_PAYLOAD\\", number> | T.PayloadAction<\\"WITH_OPTIONAL_PAYLOAD\\", number | undefined> | T.PayloadMetaAction<\\"WITH_META\\", undefined, string> | T.PayloadMetaAction<\\"WITH_PAYLOAD_META\\", number, string> | ({ type: \\"WITH_MAPPED_PAYLOAD\\"; } & { payload: number; }) | ({ type: \\"WITH_MAPPED_META\\"; } & { meta: string; }) | ({ type: \\"WITH_MAPPED_PAYLOAD_META\\"; } & { payload: number; meta: string; }) | T.EmptyAction<\\"FETCH_USER_REQUEST\\"> | T.PayloadAction<\\"FETCH_USER_SUCCESS\\", { firstName: string; lastName: string; }> | T.PayloadAction<\\"FETCH_USER_FAILURE\\", Error> | undefined"`;

exports[`isOfTypeCurriedReducer(actual) 4`] = `"{ type: \\"VERY_DEEP_WITH_TYPE_ONLY\\"; } | T.EmptyAction<\\"WITH_TYPE_ONLY\\"> | T.PayloadAction<\\"WITH_PAYLOAD\\", number> | T.PayloadAction<\\"WITH_OPTIONAL_PAYLOAD\\", number | undefined> | T.PayloadMetaAction<\\"WITH_META\\", undefined, string> | T.PayloadMetaAction<\\"WITH_PAYLOAD_META\\", number, string> | ({ type: \\"WITH_MAPPED_PAYLOAD\\"; } & { payload: number; }) | ({ type: \\"WITH_MAPPED_META\\"; } & { meta: string; }) | ({ type: \\"WITH_MAPPED_PAYLOAD_META\\"; } & { payload: number; meta: string; }) | T.EmptyAction<\\"FETCH_USER_REQUEST\\"> | T.PayloadAction<\\"FETCH_USER_SUCCESS\\", { firstName: string; lastName: string; }> | T.PayloadAction<\\"FETCH_USER_FAILURE\\", Error> | undefined"`;

exports[`isOfTypeCurriedReducer(actual) 5`] = `"{ type: \\"VERY_DEEP_WITH_TYPE_ONLY\\"; } | T.EmptyAction<\\"WITH_TYPE_ONLY\\"> | T.PayloadAction<\\"WITH_PAYLOAD\\", number> | T.PayloadAction<\\"WITH_OPTIONAL_PAYLOAD\\", number | undefined> | T.PayloadMetaAction<\\"WITH_META\\", undefined, string> | T.PayloadMetaAction<\\"WITH_PAYLOAD_META\\", number, string> | ({ type: \\"WITH_MAPPED_PAYLOAD\\"; } & { payload: number; }) | ({ type: \\"WITH_MAPPED_META\\"; } & { meta: string; }) | ({ type: \\"WITH_MAPPED_PAYLOAD_META\\"; } & { payload: number; meta: string; }) | T.EmptyAction<\\"FETCH_USER_REQUEST\\"> | T.PayloadAction<\\"FETCH_USER_SUCCESS\\", { firstName: string; lastName: string; }> | T.PayloadAction<\\"FETCH_USER_FAILURE\\", Error> | undefined"`;

exports[`isOfTypeCurriedReducer(actual) 6`] = `"{ type: \\"VERY_DEEP_WITH_TYPE_ONLY\\"; } | T.EmptyAction<\\"WITH_TYPE_ONLY\\"> | T.PayloadAction<\\"WITH_PAYLOAD\\", number> | T.PayloadAction<\\"WITH_OPTIONAL_PAYLOAD\\", number | undefined> | T.PayloadMetaAction<\\"WITH_META\\", undefined, string> | T.PayloadMetaAction<\\"WITH_PAYLOAD_META\\", number, string> | ({ type: \\"WITH_MAPPED_PAYLOAD\\"; } & { payload: number; }) | ({ type: \\"WITH_MAPPED_META\\"; } & { meta: string; }) | ({ type: \\"WITH_MAPPED_PAYLOAD_META\\"; } & { payload: number; meta: string; }) | T.EmptyAction<\\"FETCH_USER_REQUEST\\"> | T.PayloadAction<\\"FETCH_USER_SUCCESS\\", { firstName: string; lastName: string; }> | T.PayloadAction<\\"FETCH_USER_FAILURE\\", Error> | undefined"`;

exports[`isOfTypeReducer(actual) 1`] = `"{ type: \\"VERY_DEEP_WITH_TYPE_ONLY\\"; } | T.EmptyAction<\\"WITH_TYPE_ONLY\\"> | T.PayloadAction<\\"WITH_PAYLOAD\\", number> | T.PayloadAction<\\"WITH_OPTIONAL_PAYLOAD\\", number | undefined> | T.PayloadMetaAction<\\"WITH_META\\", undefined, string> | T.PayloadMetaAction<\\"WITH_PAYLOAD_META\\", number, string> | ({ type: \\"WITH_MAPPED_PAYLOAD\\"; } & { payload: number; }) | ({ type: \\"WITH_MAPPED_META\\"; } & { meta: string; }) | ({ type: \\"WITH_MAPPED_PAYLOAD_META\\"; } & { payload: number; meta: string; }) | T.EmptyAction<\\"FETCH_USER_REQUEST\\"> | T.PayloadAction<\\"FETCH_USER_SUCCESS\\", { firstName: string; lastName: string; }> | T.PayloadAction<\\"FETCH_USER_FAILURE\\", Error> | undefined"`;

exports[`isOfTypeReducer(actual) 2`] = `"{ type: \\"VERY_DEEP_WITH_TYPE_ONLY\\"; } | T.EmptyAction<\\"WITH_TYPE_ONLY\\"> | T.PayloadAction<\\"WITH_PAYLOAD\\", number> | T.PayloadAction<\\"WITH_OPTIONAL_PAYLOAD\\", number | undefined> | T.PayloadMetaAction<\\"WITH_META\\", undefined, string> | T.PayloadMetaAction<\\"WITH_PAYLOAD_META\\", number, string> | ({ type: \\"WITH_MAPPED_PAYLOAD\\"; } & { payload: number; }) | ({ type: \\"WITH_MAPPED_META\\"; } & { meta: string; }) | ({ type: \\"WITH_MAPPED_PAYLOAD_META\\"; } & { payload: number; meta: string; }) | T.EmptyAction<\\"FETCH_USER_REQUEST\\"> | T.PayloadAction<\\"FETCH_USER_SUCCESS\\", { firstName: string; lastName: string; }> | T.PayloadAction<\\"FETCH_USER_FAILURE\\", Error> | undefined"`;

exports[`isOfTypeReducer(actual) 3`] = `"{ type: \\"VERY_DEEP_WITH_TYPE_ONLY\\"; } | T.EmptyAction<\\"WITH_TYPE_ONLY\\"> | T.PayloadAction<\\"WITH_PAYLOAD\\", number> | T.PayloadAction<\\"WITH_OPTIONAL_PAYLOAD\\", number | undefined> | T.PayloadMetaAction<\\"WITH_META\\", undefined, string> | T.PayloadMetaAction<\\"WITH_PAYLOAD_META\\", number, string> | ({ type: \\"WITH_MAPPED_PAYLOAD\\"; } & { payload: number; }) | ({ type: \\"WITH_MAPPED_META\\"; } & { meta: string; }) | ({ type: \\"WITH_MAPPED_PAYLOAD_META\\"; } & { payload: number; meta: string; }) | T.EmptyAction<\\"FETCH_USER_REQUEST\\"> | T.PayloadAction<\\"FETCH_USER_SUCCESS\\", { firstName: string; lastName: string; }> | T.PayloadAction<\\"FETCH_USER_FAILURE\\", Error> | undefined"`;

exports[`isOfTypeReducer(actual) 4`] = `"{ type: \\"VERY_DEEP_WITH_TYPE_ONLY\\"; } | T.EmptyAction<\\"WITH_TYPE_ONLY\\"> | T.PayloadAction<\\"WITH_PAYLOAD\\", number> | T.PayloadAction<\\"WITH_OPTIONAL_PAYLOAD\\", number | undefined> | T.PayloadMetaAction<\\"WITH_META\\", undefined, string> | T.PayloadMetaAction<\\"WITH_PAYLOAD_META\\", number, string> | ({ type: \\"WITH_MAPPED_PAYLOAD\\"; } & { payload: number; }) | ({ type: \\"WITH_MAPPED_META\\"; } & { meta: string; }) | ({ type: \\"WITH_MAPPED_PAYLOAD_META\\"; } & { payload: number; meta: string; }) | T.EmptyAction<\\"FETCH_USER_REQUEST\\"> | T.PayloadAction<\\"FETCH_USER_SUCCESS\\", { firstName: string; lastName: string; }> | T.PayloadAction<\\"FETCH_USER_FAILURE\\", Error> | undefined"`;

exports[`isOfTypeReducer(actual) 5`] = `"{ type: \\"VERY_DEEP_WITH_TYPE_ONLY\\"; } | T.EmptyAction<\\"WITH_TYPE_ONLY\\"> | T.PayloadAction<\\"WITH_PAYLOAD\\", number> | T.PayloadAction<\\"WITH_OPTIONAL_PAYLOAD\\", number | undefined> | T.PayloadMetaAction<\\"WITH_META\\", undefined, string> | T.PayloadMetaAction<\\"WITH_PAYLOAD_META\\", number, string> | ({ type: \\"WITH_MAPPED_PAYLOAD\\"; } & { payload: number; }) | ({ type: \\"WITH_MAPPED_META\\"; } & { meta: string; }) | ({ type: \\"WITH_MAPPED_PAYLOAD_META\\"; } & { payload: number; meta: string; }) | T.EmptyAction<\\"FETCH_USER_REQUEST\\"> | T.PayloadAction<\\"FETCH_USER_SUCCESS\\", { firstName: string; lastName: string; }> | T.PayloadAction<\\"FETCH_USER_FAILURE\\", Error> | undefined"`;

exports[`isOfTypeReducer(actual) 6`] = `"{ type: \\"VERY_DEEP_WITH_TYPE_ONLY\\"; } | T.EmptyAction<\\"WITH_TYPE_ONLY\\"> | T.PayloadAction<\\"WITH_PAYLOAD\\", number> | T.PayloadAction<\\"WITH_OPTIONAL_PAYLOAD\\", number | undefined> | T.PayloadMetaAction<\\"WITH_META\\", undefined, string> | T.PayloadMetaAction<\\"WITH_PAYLOAD_META\\", number, string> | ({ type: \\"WITH_MAPPED_PAYLOAD\\"; } & { payload: number; }) | ({ type: \\"WITH_MAPPED_META\\"; } & { meta: string; }) | ({ type: \\"WITH_MAPPED_PAYLOAD_META\\"; } & { payload: number; meta: string; }) | T.EmptyAction<\\"FETCH_USER_REQUEST\\"> | T.PayloadAction<\\"FETCH_USER_SUCCESS\\", { firstName: string; lastName: string; }> | T.PayloadAction<\\"FETCH_USER_FAILURE\\", Error> | undefined"`;

exports[`reducer(undefined, withTypeOnly()) 1`] = `"boolean"`;

exports[`testType<ActionType<typeof actions>>() 1`] = `"{ type: \\"VERY_DEEP_WITH_TYPE_ONLY\\"; } | T.EmptyAction<\\"WITH_TYPE_ONLY\\"> | T.PayloadAction<\\"WITH_PAYLOAD\\", number> | T.PayloadAction<\\"WITH_OPTIONAL_PAYLOAD\\", number | undefined> | T.PayloadMetaAction<\\"WITH_META\\", undefined, string> | T.PayloadMetaAction<\\"WITH_PAYLOAD_META\\", number, string> | ({ type: \\"WITH_MAPPED_PAYLOAD\\"; } & { payload: number; }) | ({ type: \\"WITH_MAPPED_META\\"; } & { meta: string; }) | ({ type: \\"WITH_MAPPED_PAYLOAD_META\\"; } & { payload: number; meta: string; }) | T.EmptyAction<\\"FETCH_USER_REQUEST\\"> | T.PayloadAction<\\"FETCH_USER_SUCCESS\\", { firstName: string; lastName: string; }> | T.PayloadAction<\\"FETCH_USER_FAILURE\\", Error>"`;

exports[`testType<StateType<typeof reducer>>() 1`] = `"boolean"`;
